node.exe : FAIL 
data/planner/__tests__/orchestrator.test.ts
At line:1 char:1
+ & "C:\nvm4w\nodejs/node.exe" 
"C:\nvm4w\nodejs/node_modules/npm/bin/np ...
+ ~~~~~~~~~~~~~~~~~~~~~~~~~~~~~~~~~~~~~~~~~~
~~~~~~~~~~~~~~~~~~~~~~~~~~~
    + CategoryInfo          : NotSpecified: 
    (FAIL data/plann...strator.test.ts:Str  
  ing) [], RemoteException
    + FullyQualifiedErrorId : NativeCommand 
   Error
 
  Planner Orchestrator
    ├ù fills a single slot normally when 
valid candidates exist (5 ms)
    ΓêÜ detects pool collapse and triggers 
a gemini regeneration flow (3 ms)
    ΓêÜ assigns a rescue recipe normally if 
it is passed in the pool
    ΓêÜ simulates a full week generation 
tracking constraints (1 ms)
    ΓêÜ preserves existing locked 
assignments and updates counts correctly
    ΓêÜ blocks same-day duplicates even if 
global repeatCap is not exhausted (1 ms)
    ΓêÜ deducts locked meal costs from the 
global budget dynamically

  ΓùÅ Planner Orchestrator ΓÇ║ fills a 
single slot normally when valid candidates 
exist

    expect(received).toBe(expected) // 
Object.is equality

    Expected: 4
    Received: 60

    [0m [90m 30 |[39m     [90m// Assert 
decision snapshot integrity[39m
     [90m 31 |[39m     expect(assignment[
33m.[39mdecisionSnapshot)[33m.[39mtoBeDef
ined()[33m;[39m
    [31m[1m>[22m[39m[90m 32 |[39m     
expect(assignment[33m.[39mdecisionSnapshot
[33m![39m[33m.[39mbudgetConstraintAtTime
OfDecision)[33m.[39mtoBe(typicalDinnerCont
ract[33m.[39mbudgetEnvelopeGBP)[33m;[39m
     [90m    |[39m                        
                                            
       [31m[1m^[22m[39m
     [90m 33 |[39m     expect(assignment[
33m.[39mdecisionSnapshot[33m![39m[33m.[
39mproteinTargetAtTimeOfDecision)[33m.[39m
toBe(typicalDinnerContract[33m.[39mmacroTa
rgets[33m.[39mprotein[33m.[39mideal)[33
m;[39m
     [90m 34 |[39m
     [90m 35 |[39m     [90m// Assert 
diagnostics[39m[0m

      at Object.toBe (data/planner/__tests__
/orchestrator.test.ts:32:75)

Test Suites: 1 failed, 1 total
Tests:       1 failed, 6 passed, 7 total
Snapshots:   0 total
Time:        0.441 s, estimated 8 s
Ran all test suites matching 
/orchestrator.test.ts/i.
