node.exe : FAIL data/exportCatalog.test.ts
At line:1 char:1
+ & "C:\nvm4w\nodejs/node.exe" 
"C:\nvm4w\nodejs/node_modules/npm/bin/np ...
+ ~~~~~~~~~~~~~~~~~~~~~~~~~~~~~~~~~~~~~~~~~~~~~~~~~~~~~~~~~~~~~~~~~~~~~
    + CategoryInfo          : NotSpecified: (FAIL data/exportCatalog.t 
   est.ts:String) [], RemoteException
    + FullyQualifiedErrorId : NativeCommandError
 
  ΓùÅ Test suite failed to run

    Jest encountered an unexpected token

    Jest failed to parse a file. This happens e.g. when your code or 
its dependencies use non-standard JavaScript syntax, or when Jest is 
not configured to support such syntax.

    Out of the box Jest supports Babel, which will be used to 
transform your files into valid JS based on your Babel configuration.

    By default "node_modules" folder is ignored by transformers.

    Here's what you can do:
     ΓÇó If you are trying to use ECMAScript Modules, see 
https://jestjs.io/docs/ecmascript-modules for how to enable it.
     ΓÇó If you are trying to use TypeScript, see 
https://jestjs.io/docs/getting-started#using-typescript
     ΓÇó To have some of your "node_modules" files transformed, you 
can specify a custom "transformIgnorePatterns" in your config.
     ΓÇó If you need a custom transformation specify a "transform" 
option in your config.
     ΓÇó If you simply want to mock your non-JS modules (e.g. binary 
assets) you can stub them out with the "moduleNameMapper" config 
option.

    You'll find more details and examples of these config options in 
the docs:
    https://jestjs.io/docs/configuration
    For information about custom transformations, see:
    https://jestjs.io/docs/code-transformation

    Details:

    C:\Users\liamf\.gemini\antigravity\operation_sim_craft\assets\image
s\recipes\recipe_r6.png:1
    ({"Object.<anonymous>":function(module,exports,require,__dirname,__
filename,jest){∩┐╜PNG
                                                                       
               

    SyntaxError: Invalid or unexpected token

    [0m [90m  6 |[39m
     [90m  7 |[39m [36mexport[39m [36mconst[39m 
[33mUNIQUE_RECIPE_IMAGES[39m[33m:[39m 
[33mRecord[39m[33m<[39m[33mstring[39m[33m,[39m any[33m>[39m 
[33m=[39m {
    [31m[1m>[22m[39m[90m  8 |[39m   [32m'r6'[39m[33m:[39m req
uire([32m'../../assets/images/recipes/recipe_r6.png'[39m)[33m,[39m
     [90m    |[39m         [31m[1m^[22m[39m
     [90m  9 |[39m   [32m'r51'[39m[33m:[39m require([32m'../../a
ssets/images/recipes/recipe_r51.png'[39m)[33m,[39m
     [90m 10 |[39m }[33m;[39m
     [90m 11 |[39m[0m

      at Runtime.createScriptFromCode 
(node_modules/jest-runtime/build/index.js:1505:14)
      at Object.require (data/planner/RecipeImages.ts:8:9)
      at Object.require (data/seed.ts:1:1)
      at Object.require (data/planner/recipeRegistry.ts:9:1)
      at Object.require (data/exportCatalog.test.ts:3:1)

Test Suites: 1 failed, 1 total
Tests:       0 total
Snapshots:   0 total
Time:        0.473 s
Ran all test suites matching /data\\exportCatalog.test.ts/i.
